[0m[1mdata.aws_ami.amazon_linux_2: Reading...[0m[0m
[0m[1mdata.aws_availability_zones.available: Reading...[0m[0m
[0m[1maws_vpc.main: Refreshing state... [id=vpc-048a1d2d686d9f8ac][0m
[0m[1maws_eip.nat: Refreshing state... [id=eipalloc-06f68873e2df66db3][0m
[0m[1mdata.aws_availability_zones.available: Read complete after 0s [id=us-east-1][0m
[0m[1mdata.aws_ami.amazon_linux_2: Read complete after 1s [id=ami-0254b2d5c4c472488][0m

Terraform used the selected providers to generate the following execution
plan. Resource actions are indicated with the following symbols:
  [32m+[0m create[0m
[31m-[0m/[32m+[0m destroy and then create replacement[0m

Terraform will perform the following actions:

[1m  # aws_autoscaling_group.app_asg[0m will be created
[0m  [32m+[0m[0m resource "aws_autoscaling_group" "app_asg" {
      [32m+[0m[0m arn                              = (known after apply)
      [32m+[0m[0m availability_zones               = (known after apply)
      [32m+[0m[0m default_cooldown                 = (known after apply)
      [32m+[0m[0m desired_capacity                 = 2
      [32m+[0m[0m force_delete                     = false
      [32m+[0m[0m force_delete_warm_pool           = false
      [32m+[0m[0m health_check_grace_period        = 120
      [32m+[0m[0m health_check_type                = "EC2"
      [32m+[0m[0m id                               = (known after apply)
      [32m+[0m[0m ignore_failed_scaling_activities = false
      [32m+[0m[0m load_balancers                   = (known after apply)
      [32m+[0m[0m max_size                         = 6
      [32m+[0m[0m metrics_granularity              = "1Minute"
      [32m+[0m[0m min_size                         = 2
      [32m+[0m[0m name                             = "app-asg"
      [32m+[0m[0m name_prefix                      = (known after apply)
      [32m+[0m[0m predicted_capacity               = (known after apply)
      [32m+[0m[0m protect_from_scale_in            = false
      [32m+[0m[0m service_linked_role_arn          = (known after apply)
      [32m+[0m[0m target_group_arns                = (known after apply)
      [32m+[0m[0m vpc_zone_identifier              = (known after apply)
      [32m+[0m[0m wait_for_capacity_timeout        = "10m"
      [32m+[0m[0m warm_pool_size                   = (known after apply)

      [32m+[0m[0m availability_zone_distribution (known after apply)

      [32m+[0m[0m capacity_reservation_specification (known after apply)

      [32m+[0m[0m launch_template {
          [32m+[0m[0m id      = (known after apply)
          [32m+[0m[0m name    = (known after apply)
          [32m+[0m[0m version = "$Latest"
        }

      [32m+[0m[0m mixed_instances_policy (known after apply)

      [32m+[0m[0m tag {
          [32m+[0m[0m key                 = "Name"
          [32m+[0m[0m propagate_at_launch = true
          [32m+[0m[0m value               = "app-asg"
        }

      [32m+[0m[0m traffic_source (known after apply)
    }

[1m  # aws_instance.management[0m will be created
[0m  [32m+[0m[0m resource "aws_instance" "management" {
      [32m+[0m[0m ami                                  = "ami-0254b2d5c4c472488"
      [32m+[0m[0m arn                                  = (known after apply)
      [32m+[0m[0m associate_public_ip_address          = true
      [32m+[0m[0m availability_zone                    = (known after apply)
      [32m+[0m[0m cpu_core_count                       = (known after apply)
      [32m+[0m[0m cpu_threads_per_core                 = (known after apply)
      [32m+[0m[0m disable_api_stop                     = (known after apply)
      [32m+[0m[0m disable_api_termination              = (known after apply)
      [32m+[0m[0m ebs_optimized                        = (known after apply)
      [32m+[0m[0m enable_primary_ipv6                  = (known after apply)
      [32m+[0m[0m get_password_data                    = false
      [32m+[0m[0m host_id                              = (known after apply)
      [32m+[0m[0m host_resource_group_arn              = (known after apply)
      [32m+[0m[0m iam_instance_profile                 = (known after apply)
      [32m+[0m[0m id                                   = (known after apply)
      [32m+[0m[0m instance_initiated_shutdown_behavior = (known after apply)
      [32m+[0m[0m instance_lifecycle                   = (known after apply)
      [32m+[0m[0m instance_state                       = (known after apply)
      [32m+[0m[0m instance_type                        = "t3.micro"
      [32m+[0m[0m ipv6_address_count                   = (known after apply)
      [32m+[0m[0m ipv6_addresses                       = (known after apply)
      [32m+[0m[0m key_name                             = "dustin-key"
      [32m+[0m[0m monitoring                           = (known after apply)
      [32m+[0m[0m outpost_arn                          = (known after apply)
      [32m+[0m[0m password_data                        = (known after apply)
      [32m+[0m[0m placement_group                      = (known after apply)
      [32m+[0m[0m placement_partition_number           = (known after apply)
      [32m+[0m[0m primary_network_interface_id         = (known after apply)
      [32m+[0m[0m private_dns                          = (known after apply)
      [32m+[0m[0m private_ip                           = (known after apply)
      [32m+[0m[0m public_dns                           = (known after apply)
      [32m+[0m[0m public_ip                            = (known after apply)
      [32m+[0m[0m secondary_private_ips                = (known after apply)
      [32m+[0m[0m security_groups                      = (known after apply)
      [32m+[0m[0m source_dest_check                    = true
      [32m+[0m[0m spot_instance_request_id             = (known after apply)
      [32m+[0m[0m subnet_id                            = (known after apply)
      [32m+[0m[0m tags                                 = {
          [32m+[0m[0m "Name" = "management-instance"
        }
      [32m+[0m[0m tags_all                             = {
          [32m+[0m[0m "Name" = "management-instance"
        }
      [32m+[0m[0m tenancy                              = (known after apply)
      [32m+[0m[0m user_data                            = (known after apply)
      [32m+[0m[0m user_data_base64                     = (known after apply)
      [32m+[0m[0m user_data_replace_on_change          = false
      [32m+[0m[0m vpc_security_group_ids               = (known after apply)

      [32m+[0m[0m capacity_reservation_specification (known after apply)

      [32m+[0m[0m cpu_options (known after apply)

      [32m+[0m[0m ebs_block_device (known after apply)

      [32m+[0m[0m enclave_options (known after apply)

      [32m+[0m[0m ephemeral_block_device (known after apply)

      [32m+[0m[0m instance_market_options (known after apply)

      [32m+[0m[0m maintenance_options (known after apply)

      [32m+[0m[0m metadata_options (known after apply)

      [32m+[0m[0m network_interface (known after apply)

      [32m+[0m[0m private_dns_name_options (known after apply)

      [32m+[0m[0m root_block_device (known after apply)
    }

[1m  # aws_internet_gateway.igw[0m will be created
[0m  [32m+[0m[0m resource "aws_internet_gateway" "igw" {
      [32m+[0m[0m arn      = (known after apply)
      [32m+[0m[0m id       = (known after apply)
      [32m+[0m[0m owner_id = (known after apply)
      [32m+[0m[0m tags     = {
          [32m+[0m[0m "Name" = "vpc-igw"
        }
      [32m+[0m[0m tags_all = {
          [32m+[0m[0m "Name" = "vpc-igw"
        }
      [32m+[0m[0m vpc_id   = (known after apply)
    }

[1m  # aws_launch_template.app_lt[0m will be created
[0m  [32m+[0m[0m resource "aws_launch_template" "app_lt" {
      [32m+[0m[0m arn                    = (known after apply)
      [32m+[0m[0m default_version        = (known after apply)
      [32m+[0m[0m id                     = (known after apply)
      [32m+[0m[0m image_id               = "ami-0254b2d5c4c472488"
      [32m+[0m[0m instance_type          = "t3.micro"
      [32m+[0m[0m latest_version         = (known after apply)
      [32m+[0m[0m name                   = (known after apply)
      [32m+[0m[0m name_prefix            = "app-lt-"
      [32m+[0m[0m tags_all               = (known after apply)
      [32m+[0m[0m user_data              = "IyEvYmluL2Jhc2gKeXVtIHVwZGF0ZSAteQp5dW0gaW5zdGFsbCAteSBodHRwZApzeXN0ZW1jdGwgZW5hYmxlIGh0dHBkCnN5c3RlbWN0bCBzdGFydCBodHRwZAplY2hvICJIZWxsbyBmcm9tICQoaG9zdG5hbWUpIChpbnN0YW5jZS1pZDogJChjdXJsIC1zIGh0dHA6Ly8xNjkuMjU0LjE2OS4yNTQvbGF0ZXN0L21ldGEtZGF0YS9pbnN0YW5jZS1pZCkpIiA+IC92YXIvd3d3L2h0bWwvaW5kZXguaHRtbA=="
      [32m+[0m[0m vpc_security_group_ids = (known after apply)

      [32m+[0m[0m metadata_options (known after apply)

      [32m+[0m[0m tag_specifications {
          [32m+[0m[0m resource_type = "instance"
          [32m+[0m[0m tags          = {
              [32m+[0m[0m "Name" = "app-server"
            }
        }
    }

[1m  # aws_lb.app_alb[0m will be created
[0m  [32m+[0m[0m resource "aws_lb" "app_alb" {
      [32m+[0m[0m arn                                                          = (known after apply)
      [32m+[0m[0m arn_suffix                                                   = (known after apply)
      [32m+[0m[0m client_keep_alive                                            = 3600
      [32m+[0m[0m desync_mitigation_mode                                       = "defensive"
      [32m+[0m[0m dns_name                                                     = (known after apply)
      [32m+[0m[0m drop_invalid_header_fields                                   = false
      [32m+[0m[0m enable_deletion_protection                                   = false
      [32m+[0m[0m enable_http2                                                 = true
      [32m+[0m[0m enable_tls_version_and_cipher_suite_headers                  = false
      [32m+[0m[0m enable_waf_fail_open                                         = false
      [32m+[0m[0m enable_xff_client_port                                       = false
      [32m+[0m[0m enable_zonal_shift                                           = false
      [32m+[0m[0m enforce_security_group_inbound_rules_on_private_link_traffic = (known after apply)
      [32m+[0m[0m id                                                           = (known after apply)
      [32m+[0m[0m idle_timeout                                                 = 60
      [32m+[0m[0m internal                                                     = (known after apply)
      [32m+[0m[0m ip_address_type                                              = (known after apply)
      [32m+[0m[0m load_balancer_type                                           = "application"
      [32m+[0m[0m name                                                         = "app-alb"
      [32m+[0m[0m name_prefix                                                  = (known after apply)
      [32m+[0m[0m preserve_host_header                                         = false
      [32m+[0m[0m security_groups                                              = (known after apply)
      [32m+[0m[0m subnets                                                      = (known after apply)
      [32m+[0m[0m tags                                                         = {
          [32m+[0m[0m "Name" = "app-alb"
        }
      [32m+[0m[0m tags_all                                                     = {
          [32m+[0m[0m "Name" = "app-alb"
        }
      [32m+[0m[0m vpc_id                                                       = (known after apply)
      [32m+[0m[0m xff_header_processing_mode                                   = "append"
      [32m+[0m[0m zone_id                                                      = (known after apply)

      [32m+[0m[0m subnet_mapping (known after apply)
    }

[1m  # aws_lb_listener.http[0m will be created
[0m  [32m+[0m[0m resource "aws_lb_listener" "http" {
      [32m+[0m[0m arn                                                                   = (known after apply)
      [32m+[0m[0m id                                                                    = (known after apply)
      [32m+[0m[0m load_balancer_arn                                                     = (known after apply)
      [32m+[0m[0m port                                                                  = 80
      [32m+[0m[0m protocol                                                              = "HTTP"
      [32m+[0m[0m routing_http_request_x_amzn_mtls_clientcert_header_name               = (known after apply)
      [32m+[0m[0m routing_http_request_x_amzn_mtls_clientcert_issuer_header_name        = (known after apply)
      [32m+[0m[0m routing_http_request_x_amzn_mtls_clientcert_leaf_header_name          = (known after apply)
      [32m+[0m[0m routing_http_request_x_amzn_mtls_clientcert_serial_number_header_name = (known after apply)
      [32m+[0m[0m routing_http_request_x_amzn_mtls_clientcert_subject_header_name       = (known after apply)
      [32m+[0m[0m routing_http_request_x_amzn_mtls_clientcert_validity_header_name      = (known after apply)
      [32m+[0m[0m routing_http_request_x_amzn_tls_cipher_suite_header_name              = (known after apply)
      [32m+[0m[0m routing_http_request_x_amzn_tls_version_header_name                   = (known after apply)
      [32m+[0m[0m routing_http_response_access_control_allow_credentials_header_value   = (known after apply)
      [32m+[0m[0m routing_http_response_access_control_allow_headers_header_value       = (known after apply)
      [32m+[0m[0m routing_http_response_access_control_allow_methods_header_value       = (known after apply)
      [32m+[0m[0m routing_http_response_access_control_allow_origin_header_value        = (known after apply)
      [32m+[0m[0m routing_http_response_access_control_expose_headers_header_value      = (known after apply)
      [32m+[0m[0m routing_http_response_access_control_max_age_header_value             = (known after apply)
      [32m+[0m[0m routing_http_response_content_security_policy_header_value            = (known after apply)
      [32m+[0m[0m routing_http_response_server_enabled                                  = (known after apply)
      [32m+[0m[0m routing_http_response_strict_transport_security_header_value          = (known after apply)
      [32m+[0m[0m routing_http_response_x_content_type_options_header_value             = (known after apply)
      [32m+[0m[0m routing_http_response_x_frame_options_header_value                    = (known after apply)
      [32m+[0m[0m ssl_policy                                                            = (known after apply)
      [32m+[0m[0m tags_all                                                              = (known after apply)
      [32m+[0m[0m tcp_idle_timeout_seconds                                              = (known after apply)

      [32m+[0m[0m default_action {
          [32m+[0m[0m order            = (known after apply)
          [32m+[0m[0m target_group_arn = (known after apply)
          [32m+[0m[0m type             = "forward"
        }

      [32m+[0m[0m mutual_authentication (known after apply)
    }

[1m  # aws_lb_target_group.app_tg[0m will be created
[0m  [32m+[0m[0m resource "aws_lb_target_group" "app_tg" {
      [32m+[0m[0m arn                                = (known after apply)
      [32m+[0m[0m arn_suffix                         = (known after apply)
      [32m+[0m[0m connection_termination             = (known after apply)
      [32m+[0m[0m deregistration_delay               = "300"
      [32m+[0m[0m id                                 = (known after apply)
      [32m+[0m[0m ip_address_type                    = (known after apply)
      [32m+[0m[0m lambda_multi_value_headers_enabled = false
      [32m+[0m[0m load_balancer_arns                 = (known after apply)
      [32m+[0m[0m load_balancing_algorithm_type      = (known after apply)
      [32m+[0m[0m load_balancing_anomaly_mitigation  = (known after apply)
      [32m+[0m[0m load_balancing_cross_zone_enabled  = (known after apply)
      [32m+[0m[0m name                               = "app-tg"
      [32m+[0m[0m name_prefix                        = (known after apply)
      [32m+[0m[0m port                               = 80
      [32m+[0m[0m preserve_client_ip                 = (known after apply)
      [32m+[0m[0m protocol                           = "HTTP"
      [32m+[0m[0m protocol_version                   = (known after apply)
      [32m+[0m[0m proxy_protocol_v2                  = false
      [32m+[0m[0m slow_start                         = 0
      [32m+[0m[0m tags                               = {
          [32m+[0m[0m "Name" = "app-tg"
        }
      [32m+[0m[0m tags_all                           = {
          [32m+[0m[0m "Name" = "app-tg"
        }
      [32m+[0m[0m target_type                        = "instance"
      [32m+[0m[0m vpc_id                             = (known after apply)

      [32m+[0m[0m health_check {
          [32m+[0m[0m enabled             = true
          [32m+[0m[0m healthy_threshold   = 2
          [32m+[0m[0m interval            = 30
          [32m+[0m[0m matcher             = (known after apply)
          [32m+[0m[0m path                = "/"
          [32m+[0m[0m port                = "traffic-port"
          [32m+[0m[0m protocol            = "HTTP"
          [32m+[0m[0m timeout             = 5
          [32m+[0m[0m unhealthy_threshold = 2
        }

      [32m+[0m[0m stickiness (known after apply)

      [32m+[0m[0m target_failover (known after apply)

      [32m+[0m[0m target_group_health (known after apply)

      [32m+[0m[0m target_health_state (known after apply)
    }

[1m  # aws_nat_gateway.nat[0m will be created
[0m  [32m+[0m[0m resource "aws_nat_gateway" "nat" {
      [32m+[0m[0m allocation_id                      = "eipalloc-06f68873e2df66db3"
      [32m+[0m[0m association_id                     = (known after apply)
      [32m+[0m[0m connectivity_type                  = "public"
      [32m+[0m[0m id                                 = (known after apply)
      [32m+[0m[0m network_interface_id               = (known after apply)
      [32m+[0m[0m private_ip                         = (known after apply)
      [32m+[0m[0m public_ip                          = (known after apply)
      [32m+[0m[0m secondary_private_ip_address_count = (known after apply)
      [32m+[0m[0m secondary_private_ip_addresses     = (known after apply)
      [32m+[0m[0m subnet_id                          = (known after apply)
      [32m+[0m[0m tags                               = {
          [32m+[0m[0m "Name" = "nat-gateway"
        }
      [32m+[0m[0m tags_all                           = {
          [32m+[0m[0m "Name" = "nat-gateway"
        }
    }

[1m  # aws_route_table.public[0m will be created
[0m  [32m+[0m[0m resource "aws_route_table" "public" {
      [32m+[0m[0m arn              = (known after apply)
      [32m+[0m[0m id               = (known after apply)
      [32m+[0m[0m owner_id         = (known after apply)
      [32m+[0m[0m propagating_vgws = (known after apply)
      [32m+[0m[0m route            = [
          [32m+[0m[0m {
              [32m+[0m[0m cidr_block                 = "0.0.0.0/0"
              [32m+[0m[0m gateway_id                 = (known after apply)
                [90m# (11 unchanged attributes hidden)[0m[0m
            },
        ]
      [32m+[0m[0m tags             = {
          [32m+[0m[0m "Name" = "public-rt"
        }
      [32m+[0m[0m tags_all         = {
          [32m+[0m[0m "Name" = "public-rt"
        }
      [32m+[0m[0m vpc_id           = (known after apply)
    }

[1m  # aws_route_table_association.mgmt_assoc[0m will be created
[0m  [32m+[0m[0m resource "aws_route_table_association" "mgmt_assoc" {
      [32m+[0m[0m id             = (known after apply)
      [32m+[0m[0m route_table_id = (known after apply)
      [32m+[0m[0m subnet_id      = (known after apply)
    }

[1m  # aws_security_group.alb_sg[0m will be created
[0m  [32m+[0m[0m resource "aws_security_group" "alb_sg" {
      [32m+[0m[0m arn                    = (known after apply)
      [32m+[0m[0m description            = "Allow HTTP from Internet to ALB"
      [32m+[0m[0m egress                 = [
          [32m+[0m[0m {
              [32m+[0m[0m cidr_blocks      = [
                  [32m+[0m[0m "0.0.0.0/0",
                ]
              [32m+[0m[0m from_port        = 0
              [32m+[0m[0m ipv6_cidr_blocks = []
              [32m+[0m[0m prefix_list_ids  = []
              [32m+[0m[0m protocol         = "-1"
              [32m+[0m[0m security_groups  = []
              [32m+[0m[0m self             = false
              [32m+[0m[0m to_port          = 0
                [90m# (1 unchanged attribute hidden)[0m[0m
            },
        ]
      [32m+[0m[0m id                     = (known after apply)
      [32m+[0m[0m ingress                = [
          [32m+[0m[0m {
              [32m+[0m[0m cidr_blocks      = [
                  [32m+[0m[0m "0.0.0.0/0",
                ]
              [32m+[0m[0m description      = "HTTP from Internet"
              [32m+[0m[0m from_port        = 80
              [32m+[0m[0m ipv6_cidr_blocks = []
              [32m+[0m[0m prefix_list_ids  = []
              [32m+[0m[0m protocol         = "tcp"
              [32m+[0m[0m security_groups  = []
              [32m+[0m[0m self             = false
              [32m+[0m[0m to_port          = 80
            },
        ]
      [32m+[0m[0m name                   = "alb-sg"
      [32m+[0m[0m name_prefix            = (known after apply)
      [32m+[0m[0m owner_id               = (known after apply)
      [32m+[0m[0m revoke_rules_on_delete = false
      [32m+[0m[0m tags                   = {
          [32m+[0m[0m "Name" = "alb-sg"
        }
      [32m+[0m[0m tags_all               = {
          [32m+[0m[0m "Name" = "alb-sg"
        }
      [32m+[0m[0m vpc_id                 = (known after apply)
    }

[1m  # aws_security_group.app_sg[0m will be created
[0m  [32m+[0m[0m resource "aws_security_group" "app_sg" {
      [32m+[0m[0m arn                    = (known after apply)
      [32m+[0m[0m description            = "Allow HTTP from ALB and SSH from management instance"
      [32m+[0m[0m egress                 = [
          [32m+[0m[0m {
              [32m+[0m[0m cidr_blocks      = [
                  [32m+[0m[0m "0.0.0.0/0",
                ]
              [32m+[0m[0m from_port        = 0
              [32m+[0m[0m ipv6_cidr_blocks = []
              [32m+[0m[0m prefix_list_ids  = []
              [32m+[0m[0m protocol         = "-1"
              [32m+[0m[0m security_groups  = []
              [32m+[0m[0m self             = false
              [32m+[0m[0m to_port          = 0
                [90m# (1 unchanged attribute hidden)[0m[0m
            },
        ]
      [32m+[0m[0m id                     = (known after apply)
      [32m+[0m[0m ingress                = [
          [32m+[0m[0m {
              [32m+[0m[0m cidr_blocks      = []
              [32m+[0m[0m description      = "HTTP from ALB"
              [32m+[0m[0m from_port        = 80
              [32m+[0m[0m ipv6_cidr_blocks = []
              [32m+[0m[0m prefix_list_ids  = []
              [32m+[0m[0m protocol         = "tcp"
              [32m+[0m[0m security_groups  = (known after apply)
              [32m+[0m[0m self             = false
              [32m+[0m[0m to_port          = 80
            },
          [32m+[0m[0m {
              [32m+[0m[0m cidr_blocks      = []
              [32m+[0m[0m description      = "SSH from management instance"
              [32m+[0m[0m from_port        = 22
              [32m+[0m[0m ipv6_cidr_blocks = []
              [32m+[0m[0m prefix_list_ids  = []
              [32m+[0m[0m protocol         = "tcp"
              [32m+[0m[0m security_groups  = (known after apply)
              [32m+[0m[0m self             = false
              [32m+[0m[0m to_port          = 22
            },
        ]
      [32m+[0m[0m name                   = "app-sg"
      [32m+[0m[0m name_prefix            = (known after apply)
      [32m+[0m[0m owner_id               = (known after apply)
      [32m+[0m[0m revoke_rules_on_delete = false
      [32m+[0m[0m tags                   = {
          [32m+[0m[0m "Name" = "app-sg"
        }
      [32m+[0m[0m tags_all               = {
          [32m+[0m[0m "Name" = "app-sg"
        }
      [32m+[0m[0m vpc_id                 = (known after apply)
    }

[1m  # aws_security_group.mgmt_sg[0m will be created
[0m  [32m+[0m[0m resource "aws_security_group" "mgmt_sg" {
      [32m+[0m[0m arn                    = (known after apply)
      [32m+[0m[0m description            = "Allow SSH from allowed_mgmt_ip to management instance"
      [32m+[0m[0m egress                 = [
          [32m+[0m[0m {
              [32m+[0m[0m cidr_blocks      = [
                  [32m+[0m[0m "0.0.0.0/0",
                ]
              [32m+[0m[0m description      = "Allow all outbound"
              [32m+[0m[0m from_port        = 0
              [32m+[0m[0m ipv6_cidr_blocks = []
              [32m+[0m[0m prefix_list_ids  = []
              [32m+[0m[0m protocol         = "-1"
              [32m+[0m[0m security_groups  = []
              [32m+[0m[0m self             = false
              [32m+[0m[0m to_port          = 0
            },
        ]
      [32m+[0m[0m id                     = (known after apply)
      [32m+[0m[0m ingress                = [
          [32m+[0m[0m {
              [32m+[0m[0m cidr_blocks      = [
                  [32m+[0m[0m "203.0.113.5/32",
                ]
              [32m+[0m[0m description      = "SSH from admin IP"
              [32m+[0m[0m from_port        = 22
              [32m+[0m[0m ipv6_cidr_blocks = []
              [32m+[0m[0m prefix_list_ids  = []
              [32m+[0m[0m protocol         = "tcp"
              [32m+[0m[0m security_groups  = []
              [32m+[0m[0m self             = false
              [32m+[0m[0m to_port          = 22
            },
        ]
      [32m+[0m[0m name                   = "mgmt-sg"
      [32m+[0m[0m name_prefix            = (known after apply)
      [32m+[0m[0m owner_id               = (known after apply)
      [32m+[0m[0m revoke_rules_on_delete = false
      [32m+[0m[0m tags                   = {
          [32m+[0m[0m "Name" = "mgmt-sg"
        }
      [32m+[0m[0m tags_all               = {
          [32m+[0m[0m "Name" = "mgmt-sg"
        }
      [32m+[0m[0m vpc_id                 = (known after apply)
    }

[1m  # aws_subnet.app[0][0m will be created
[0m  [32m+[0m[0m resource "aws_subnet" "app" {
      [32m+[0m[0m arn                                            = (known after apply)
      [32m+[0m[0m assign_ipv6_address_on_creation                = false
      [32m+[0m[0m availability_zone                              = "us-east-1a"
      [32m+[0m[0m availability_zone_id                           = (known after apply)
      [32m+[0m[0m cidr_block                                     = "10.1.2.0/24"
      [32m+[0m[0m enable_dns64                                   = false
      [32m+[0m[0m enable_resource_name_dns_a_record_on_launch    = false
      [32m+[0m[0m enable_resource_name_dns_aaaa_record_on_launch = false
      [32m+[0m[0m id                                             = (known after apply)
      [32m+[0m[0m ipv6_cidr_block_association_id                 = (known after apply)
      [32m+[0m[0m ipv6_native                                    = false
      [32m+[0m[0m map_public_ip_on_launch                        = false
      [32m+[0m[0m owner_id                                       = (known after apply)
      [32m+[0m[0m private_dns_hostname_type_on_launch            = (known after apply)
      [32m+[0m[0m tags                                           = {
          [32m+[0m[0m "Name" = "app-subnet-0"
        }
      [32m+[0m[0m tags_all                                       = {
          [32m+[0m[0m "Name" = "app-subnet-0"
        }
      [32m+[0m[0m vpc_id                                         = (known after apply)
    }

[1m  # aws_subnet.app[1][0m will be created
[0m  [32m+[0m[0m resource "aws_subnet" "app" {
      [32m+[0m[0m arn                                            = (known after apply)
      [32m+[0m[0m assign_ipv6_address_on_creation                = false
      [32m+[0m[0m availability_zone                              = "us-east-1b"
      [32m+[0m[0m availability_zone_id                           = (known after apply)
      [32m+[0m[0m cidr_block                                     = "10.1.3.0/24"
      [32m+[0m[0m enable_dns64                                   = false
      [32m+[0m[0m enable_resource_name_dns_a_record_on_launch    = false
      [32m+[0m[0m enable_resource_name_dns_aaaa_record_on_launch = false
      [32m+[0m[0m id                                             = (known after apply)
      [32m+[0m[0m ipv6_cidr_block_association_id                 = (known after apply)
      [32m+[0m[0m ipv6_native                                    = false
      [32m+[0m[0m map_public_ip_on_launch                        = false
      [32m+[0m[0m owner_id                                       = (known after apply)
      [32m+[0m[0m private_dns_hostname_type_on_launch            = (known after apply)
      [32m+[0m[0m tags                                           = {
          [32m+[0m[0m "Name" = "app-subnet-1"
        }
      [32m+[0m[0m tags_all                                       = {
          [32m+[0m[0m "Name" = "app-subnet-1"
        }
      [32m+[0m[0m vpc_id                                         = (known after apply)
    }

[1m  # aws_subnet.backend[0m will be created
[0m  [32m+[0m[0m resource "aws_subnet" "backend" {
      [32m+[0m[0m arn                                            = (known after apply)
      [32m+[0m[0m assign_ipv6_address_on_creation                = false
      [32m+[0m[0m availability_zone                              = "us-east-1b"
      [32m+[0m[0m availability_zone_id                           = (known after apply)
      [32m+[0m[0m cidr_block                                     = "10.1.4.0/24"
      [32m+[0m[0m enable_dns64                                   = false
      [32m+[0m[0m enable_resource_name_dns_a_record_on_launch    = false
      [32m+[0m[0m enable_resource_name_dns_aaaa_record_on_launch = false
      [32m+[0m[0m id                                             = (known after apply)
      [32m+[0m[0m ipv6_cidr_block_association_id                 = (known after apply)
      [32m+[0m[0m ipv6_native                                    = false
      [32m+[0m[0m map_public_ip_on_launch                        = false
      [32m+[0m[0m owner_id                                       = (known after apply)
      [32m+[0m[0m private_dns_hostname_type_on_launch            = (known after apply)
      [32m+[0m[0m tags                                           = {
          [32m+[0m[0m "Name" = "backend-subnet"
        }
      [32m+[0m[0m tags_all                                       = {
          [32m+[0m[0m "Name" = "backend-subnet"
        }
      [32m+[0m[0m vpc_id                                         = (known after apply)
    }

[1m  # aws_subnet.management[0m will be created
[0m  [32m+[0m[0m resource "aws_subnet" "management" {
      [32m+[0m[0m arn                                            = (known after apply)
      [32m+[0m[0m assign_ipv6_address_on_creation                = false
      [32m+[0m[0m availability_zone                              = "us-east-1a"
      [32m+[0m[0m availability_zone_id                           = (known after apply)
      [32m+[0m[0m cidr_block                                     = "10.1.1.0/24"
      [32m+[0m[0m enable_dns64                                   = false
      [32m+[0m[0m enable_resource_name_dns_a_record_on_launch    = false
      [32m+[0m[0m enable_resource_name_dns_aaaa_record_on_launch = false
      [32m+[0m[0m id                                             = (known after apply)
      [32m+[0m[0m ipv6_cidr_block_association_id                 = (known after apply)
      [32m+[0m[0m ipv6_native                                    = false
      [32m+[0m[0m map_public_ip_on_launch                        = true
      [32m+[0m[0m owner_id                                       = (known after apply)
      [32m+[0m[0m private_dns_hostname_type_on_launch            = (known after apply)
      [32m+[0m[0m tags                                           = {
          [32m+[0m[0m "Name" = "management-subnet"
        }
      [32m+[0m[0m tags_all                                       = {
          [32m+[0m[0m "Name" = "management-subnet"
        }
      [32m+[0m[0m vpc_id                                         = (known after apply)
    }

[1m  # aws_vpc.main[0m is tainted, so must be [1m[31mreplaced[0m
[0m[31m-[0m/[32m+[0m[0m resource "aws_vpc" "main" {
      [33m~[0m[0m arn                                  = "arn:aws:ec2:us-east-1:980833626314:vpc/vpc-048a1d2d686d9f8ac" -> (known after apply)
      [31m-[0m[0m assign_generated_ipv6_cidr_block     = false [90m-> null[0m[0m
      [33m~[0m[0m default_network_acl_id               = "acl-07f09014f5eaa96bc" -> (known after apply)
      [33m~[0m[0m default_route_table_id               = "rtb-098f23fb525742e1c" -> (known after apply)
      [33m~[0m[0m default_security_group_id            = "sg-0d6e6497bb78bace8" -> (known after apply)
      [33m~[0m[0m dhcp_options_id                      = "dopt-08ef18e23c74f36e8" -> (known after apply)
      [33m~[0m[0m enable_network_address_usage_metrics = false -> (known after apply)
      [33m~[0m[0m id                                   = "vpc-048a1d2d686d9f8ac" -> (known after apply)
      [32m+[0m[0m ipv6_association_id                  = (known after apply)
      [32m+[0m[0m ipv6_cidr_block                      = (known after apply)
      [32m+[0m[0m ipv6_cidr_block_network_border_group = (known after apply)
      [31m-[0m[0m ipv6_netmask_length                  = 0 [90m-> null[0m[0m
      [33m~[0m[0m main_route_table_id                  = "rtb-098f23fb525742e1c" -> (known after apply)
      [33m~[0m[0m owner_id                             = "980833626314" -> (known after apply)
        tags                                 = {
            "Name" = "coalfire-vpc"
        }
        [90m# (6 unchanged attributes hidden)[0m[0m
    }

[1mPlan:[0m 18 to add, 0 to change, 1 to destroy.
[0m
Changes to Outputs:
  [32m+[0m[0m alb_dns_name         = (known after apply)
  [32m+[0m[0m app_subnet_ids       = [
      [32m+[0m[0m (known after apply),
      [32m+[0m[0m (known after apply),
    ]
  [32m+[0m[0m backend_subnet_ids   = (known after apply)
  [32m+[0m[0m management_public_ip = (known after apply)
  [32m+[0m[0m management_subnet_id = (known after apply)
  [32m+[0m[0m vpc_id               = (known after apply)
[0m[1maws_vpc.main: Destroying... [id=vpc-048a1d2d686d9f8ac][0m[0m
[0m[1maws_vpc.main: Destruction complete after 1s[0m
[0m[1maws_vpc.main: Creating...[0m[0m
[0m[1maws_vpc.main: Still creating... [00m10s elapsed][0m[0m
[0m[1maws_vpc.main: Creation complete after 12s [id=vpc-03946461e07f05378][0m
[0m[1maws_internet_gateway.igw: Creating...[0m[0m
[0m[1maws_subnet.app[1]: Creating...[0m[0m
[0m[1maws_subnet.app[0]: Creating...[0m[0m
[0m[1maws_subnet.management: Creating...[0m[0m
[0m[1maws_subnet.backend: Creating...[0m[0m
[0m[1maws_security_group.mgmt_sg: Creating...[0m[0m
[0m[1maws_security_group.alb_sg: Creating...[0m[0m
[0m[1maws_lb_target_group.app_tg: Creating...[0m[0m
[0m[1maws_internet_gateway.igw: Creation complete after 1s [id=igw-0c800121c012f5d6d][0m
[0m[1maws_route_table.public: Creating...[0m[0m
[0m[1maws_subnet.backend: Creation complete after 1s [id=subnet-0c121f88c18b31cf9][0m
[0m[1maws_subnet.app[0]: Creation complete after 1s [id=subnet-0be8aa5e5ed6177dc][0m
[0m[1maws_lb_target_group.app_tg: Creation complete after 2s [id=arn:aws:elasticloadbalancing:us-east-1:980833626314:targetgroup/app-tg/ab6e9e86e4336aa7][0m
[0m[1maws_route_table.public: Creation complete after 1s [id=rtb-013d7f51f7434e0bd][0m
[0m[1maws_security_group.alb_sg: Creation complete after 3s [id=sg-08824fcd121b3c96e][0m
[0m[1maws_security_group.mgmt_sg: Creation complete after 3s [id=sg-01d6e34cfe9105690][0m
[0m[1maws_security_group.app_sg: Creating...[0m[0m
[0m[1maws_subnet.app[1]: Creation complete after 3s [id=subnet-00821b82bb8554bdf][0m
[0m[1maws_lb.app_alb: Creating...[0m[0m
[0m[1maws_security_group.app_sg: Creation complete after 3s [id=sg-06fe1d878885c538e][0m
[0m[1maws_launch_template.app_lt: Creating...[0m[0m
[0m[1maws_subnet.management: Still creating... [00m10s elapsed][0m[0m
[0m[1maws_subnet.management: Creation complete after 12s [id=subnet-06b84abbbaf014edd][0m
[0m[1maws_route_table_association.mgmt_assoc: Creating...[0m[0m
[0m[1maws_nat_gateway.nat: Creating...[0m[0m
[0m[1maws_instance.management: Creating...[0m[0m
[0m[1maws_launch_template.app_lt: Creation complete after 6s [id=lt-0346779103cf23b7b][0m
[0m[1maws_autoscaling_group.app_asg: Creating...[0m[0m
[0m[1maws_route_table_association.mgmt_assoc: Creation complete after 0s [id=rtbassoc-0ee4b4d9b884c7ba1][0m
[0m[1maws_lb.app_alb: Still creating... [00m10s elapsed][0m[0m
[0m[1maws_nat_gateway.nat: Still creating... [00m10s elapsed][0m[0m
[0m[1maws_instance.management: Still creating... [00m10s elapsed][0m[0m
[0m[1maws_autoscaling_group.app_asg: Still creating... [00m10s elapsed][0m[0m
[0m[1maws_lb.app_alb: Still creating... [00m20s elapsed][0m[0m
[0m[1maws_instance.management: Creation complete after 13s [id=i-0f660769c5e35ad02][0m
[0m[1maws_autoscaling_group.app_asg: Creation complete after 16s [id=app-asg][0m
[0m[1maws_nat_gateway.nat: Still creating... [00m20s elapsed][0m[0m
[0m[1maws_lb.app_alb: Still creating... [00m30s elapsed][0m[0m
[0m[1maws_nat_gateway.nat: Still creating... [00m30s elapsed][0m[0m
[0m[1maws_lb.app_alb: Still creating... [00m40s elapsed][0m[0m
[0m[1maws_nat_gateway.nat: Still creating... [00m40s elapsed][0m[0m
[0m[1maws_lb.app_alb: Still creating... [00m50s elapsed][0m[0m
[0m[1maws_nat_gateway.nat: Still creating... [00m50s elapsed][0m[0m
[0m[1maws_lb.app_alb: Still creating... [01m00s elapsed][0m[0m
[0m[1maws_nat_gateway.nat: Still creating... [01m00s elapsed][0m[0m
[0m[1maws_lb.app_alb: Still creating... [01m10s elapsed][0m[0m
[0m[1maws_nat_gateway.nat: Still creating... [01m10s elapsed][0m[0m
[0m[1maws_lb.app_alb: Still creating... [01m20s elapsed][0m[0m
[0m[1maws_nat_gateway.nat: Still creating... [01m20s elapsed][0m[0m
[0m[1maws_lb.app_alb: Still creating... [01m30s elapsed][0m[0m
[0m[1maws_nat_gateway.nat: Still creating... [01m30s elapsed][0m[0m
[0m[1maws_lb.app_alb: Still creating... [01m40s elapsed][0m[0m
[0m[1maws_nat_gateway.nat: Creation complete after 1m34s [id=nat-09fac733435e251c6][0m
[0m[1maws_lb.app_alb: Still creating... [01m50s elapsed][0m[0m
[0m[1maws_lb.app_alb: Still creating... [02m00s elapsed][0m[0m
[0m[1maws_lb.app_alb: Still creating... [02m10s elapsed][0m[0m
[0m[1maws_lb.app_alb: Still creating... [02m20s elapsed][0m[0m
[0m[1maws_lb.app_alb: Still creating... [02m30s elapsed][0m[0m
[0m[1maws_lb.app_alb: Still creating... [02m40s elapsed][0m[0m
[0m[1maws_lb.app_alb: Still creating... [02m50s elapsed][0m[0m
[0m[1maws_lb.app_alb: Creation complete after 2m53s [id=arn:aws:elasticloadbalancing:us-east-1:980833626314:loadbalancer/app/app-alb/f563f820ceeefeba][0m
[0m[1maws_lb_listener.http: Creating...[0m[0m
[0m[1maws_lb_listener.http: Creation complete after 0s [id=arn:aws:elasticloadbalancing:us-east-1:980833626314:listener/app/app-alb/f563f820ceeefeba/0f8b5abadc8ffbf4][0m
[0m[1m[32m
Apply complete! Resources: 18 added, 0 changed, 1 destroyed.
[0m[0m[1m[32m
Outputs:

[0malb_dns_name = "app-alb-684153270.us-east-1.elb.amazonaws.com"
app_subnet_ids = [
  "subnet-0be8aa5e5ed6177dc",
  "subnet-00821b82bb8554bdf",
]
backend_subnet_ids = "subnet-0c121f88c18b31cf9"
management_public_ip = "44.193.5.6"
management_subnet_id = "subnet-06b84abbbaf014edd"
vpc_id = "vpc-03946461e07f05378"
